SUCCESS
B	
I	Unicode Entry@Notes Één €ûrò
I	Username@Notes Één €ûrò
I	Password@Notes Één €ûrò
I	Url@Notes Één €ûrò
I	
I	
I	
I	
I	Tm90ZXNATm90ZXMgw4nDqW4g4oKsw7tyw7I=
E	
