SUCCESS
B	
I	Sample Entry
I	Tm90ZXMgw4nDqW4g4oKsw7tyw7I=
E	
B	
I	Another Entry
I	TXkgbm90ZXM=
E	
