SUCCESS
B	
I	Sample Entry
I	User Name
I	Password
I	https://keepass.info/
I	https
I	keepass.info
I	443
I	/
I	Tm90ZXMgw4nDqW4g4oKsw7tyw7I=
E	

