SUCCESS
B	
I	title	Sample Entry
I	extra field 1	U29tZSBleHRyYSBkYXRh
I	extra password 1	U29tZSBleHRyYSBwYXNzd29yZA==
E	

